#-----------------------------------------------------------
# Webtalk v2019.1 (64-bit)
# SW Build 2552052 on Fri May 24 14:49:42 MDT 2019
# IP Build 2548770 on Fri May 24 18:01:18 MDT 2019
# Start of session at: Sat Oct  1 13:28:53 2022
# Process ID: 3000
# Current directory: C:/Users/12345/Desktop/interface/Interface_computer_system/lab_1/Lab1/Lab1.sim/sim_1/behav/xsim
# Command line: wbtcv.exe -mode batch -source C:/Users/12345/Desktop/interface/Interface_computer_system/lab_1/Lab1/Lab1.sim/sim_1/behav/xsim/xsim.dir/Coder_bench_behav/webtalk/xsim_webtalk.tcl -notrace
# Log file: C:/Users/12345/Desktop/interface/Interface_computer_system/lab_1/Lab1/Lab1.sim/sim_1/behav/xsim/webtalk.log
# Journal file: C:/Users/12345/Desktop/interface/Interface_computer_system/lab_1/Lab1/Lab1.sim/sim_1/behav/xsim\webtalk.jou
#-----------------------------------------------------------
source C:/Users/12345/Desktop/interface/Interface_computer_system/lab_1/Lab1/Lab1.sim/sim_1/behav/xsim/xsim.dir/Coder_bench_behav/webtalk/xsim_webtalk.tcl -notrace
